// Vitest Snapshot v1

exports[`renderToReadableStream 1`] = `"<!DOCTYPE html><html><head><meta charSet=\\"utf-8\\"/><style data-twind>/*!dbgidc,w,text-3xl*/.text-3xl{font-size:1.875rem;line-height:2.25rem}/*!dbgidc,y,font-bold*/.font-bold{font-weight:700}/*!dbgidc,11,underline*/.underline{text-decoration-line:underline}</style></head><body><h1 class=\\"text-3xl font-bold underline\\">Hello world!</h1></body></html>"`;

exports[`renderToReadableStream with suspense 1`] = `"<!DOCTYPE html><html><head><meta charSet=\\"utf-8\\"/><style data-twind>/*!dbgidc,w,text-3xl*/.text-3xl{font-size:1.875rem;line-height:2.25rem}/*!dbgidc,y,font-bold*/.font-bold{font-weight:700}/*!dbgidc,11,underline*/.underline{text-decoration-line:underline}</style></head><body><h1 class=\\"text-3xl font-bold underline\\">Hello world!</h1><!--$?--><template id=\\"B:0\\"></template><!--/$--></body></html><script>!function(e,n){e&&(e.textContent=n.reduce((function(e,n){return e.slice(0,n[0])+n[1]+e.slice(n[0])}),e.textContent||''))}(document.querySelector('style[data-twind=\\"\\"]'),[[81,\\"w,text-lg*/.text-lg{font-size:1.125rem;line-height:1.75rem}/*!dbgidc,\\"],[189,\\"}/*!dbgidc,y,italic*/.italic{font-style:italic\\"]])</script><div hidden id=\\"S:0\\"><p class=\\"text-lg font-bold italic\\">How are you?</p></div><script>function $RC(a,b){a=document.getElementById(a);b=document.getElementById(b);b.parentNode.removeChild(b);if(a){a=a.previousSibling;var f=a.parentNode,c=a.nextSibling,e=0;do{if(c&&8===c.nodeType){var d=c.data;if(\\"/$\\"===d)if(0===e)break;else e--;else\\"$\\"!==d&&\\"$?\\"!==d&&\\"$!\\"!==d||e++}d=c.nextSibling;f.removeChild(c);c=d}while(c);for(;b.firstChild;)f.insertBefore(b.firstChild,c);a.data=\\"$\\";a._reactRetry&&a._reactRetry()}};$RC(\\"B:0\\",\\"S:0\\")</script>"`;
